// Jest Snapshot v1, https://goo.gl/fbAQLP

exports[`cardGenerator Tests Snapshot testing should match the snapshot 1`] = `
"
        <html>
            <head>
                <meta charset="UTF-8">
                <meta name="viewport" content="width=device-width, initial-scale=1.0">
                <title>Trailhead Stats Card</title>
                
  <style>
  :root {
    --color-background: white;
    --color-text: #1F2328;
    --color-text-skill: white;
    --color-block: #F5F8FA;
    --color-line: #1C2128;
  }
  body {
    font-family: Arial, sans-serif;
    font-size: 20px;
    background-color: var(--color-background);
    color: var(--color-text);
    display: flex;
    justify-content: center;
    align-items: center;
    height: 100vh;
    margin: 0;
  }
  .card {
    background-color: var(--color-background);
    border-radius: 10px;
    padding: 20px;
    width: 800px;
  }
  .card-header {
    display: flex;
    font-size: 30px;
    align-items: center;
    border-bottom: 1px solid var(--color-line);
    padding-bottom: 10px;
    margin-bottom: 10px;
  }
  .card-header h1 {
    font-size: 40px;
  }
  .rank-logo {
    max-width: 200px;
    max-height: 200px;
    margin-right: 10px;
  }
  .card-content {
    line-height: 1.6;
  }
  .card-content h2 {
    margin: 5px 0;
    color: var(--color-text);
  }
  .card-content p {
    margin: 5px 0;
    color: var(--color-text);
  }
  .badge {
    background-color: var(--color-block);
    padding: 5px;
    border-radius: 10px;
    margin: 5px 0;
  }
  .skill-container {
    border-radius: 10px;
  }
  .skill-bar {
    display: flex;
    justify-content: space-between;
    align-items: left;
    line-height: 40px;
    border-radius: 6px;
    height: 40px;
    max-width: 800px;
    min-width: 200px;
    overflow: hidden;
    color: var(--color-text-skill);
    font-weight: bold;
  }
  .skill-name {
    text-align: left;
    padding-left: 5px;
  }
  .skill-points {
    text-align: right;
    padding-right: 5px;
    visibility: visible;
  }
  .icon-container {
    max-width: 750px;
    width: 750px;
    display: flex;
    flex-wrap: wrap;
    overflow: visible;
  }
  .icon {
    position: relative;
    flex-shrink: 0;
    margin-right: -40px;
  }
  .icon-logo {
    width: 100px;
    height: 100px;
    object-fit: contain;
  }
  .detail {
    background-color: var(--color-block);
    padding: 5px;
    border-radius: 10px;
    margin: 5px 0;
    display: flex;
    align-items: center; /* This will vertically align the logo with the text */
    margin-bottom: 10px;
  }
  .detail-logo {
    max-width: 100px;
    max-height: 100px;
    margin-right: 10px;
    object-fit: contain; /* This ensures the image is scaled correctly while maintaining its aspect ratio */
    vertical-align: middle; /* This aligns the image nicely with the text */
  }
  .table-container {
    max-width: 800px;
    width: 800px;
    display: flex;
    flex-wrap: wrap;
    overflow: visible;
  }
  .table {
    position: relative;
    flex-shrink: 0;
    margin-right: 0px;
    margin-bottom: 5px;
  }
  .table-logo {
    width: 100px;
    height: 100px;
    object-fit: contain;
  }
  </style>
  
            </head>
            <body>
                <div class="card">
                    <div class="card-header">
                        <img src="https://res.cloudinary.com/trailhead/image/upload/public-trailhead/assets/images/ranks/triple-star-ranger.png" alt="Rank Logo" class="rank-logo">
                        <div>
                            <h1>Triple Star Ranger</h1>
                            <p><b>481</b> Badges,
                            <b>185 400</b> Points</p>
                        </div>
                    </div>
                    <div class="card-content">
                        <h2>Latest Achievements:</h2>
                        <p>Last Certification: Salesforce Certified Platform App Builder</p>
                        <p>Last Badge: Quest For Data Literacy</p>
                        <p>Last Superbadge: Access Governance Superbadge Unit</p>
                        <p>Last Event Badge: Become An Accessibility Champion Quest</p>
                        <p>Last Stamp: Salesforce stamp</p>

                        <h2>Top 123 Skills:</h2><div class="skills-bar-chart">
      <div class="skill-container">
        <div class="skill-bar" style="width: 800px; background-color: #7A2048;">
          <span class="skill-name">CRM</span>
          <span class="skill-points">30 325</span>
        </div>
      </div>
      <div class="skill-container">
        <div class="skill-bar" style="width: 200px; background-color: #1E2761;">
          <span class="skill-name">Chatter</span>
          <span class="skill-points">1 250</span>
        </div>
      </div></div>
                        <h2>1 Certification:</h2>
      <div class="detail">
        <img src="https://drm.file.force.com/servlet/servlet.ImageServer?id=0153k00000A5Mtl&oid=00DF0000000gZsu&lastMod=1617268490000" alt="Salesforce Certified Platform App Builder" class="detail-logo">
        <b>Salesforce Certified Platform App Builder</b>&nbsp;-&nbsp;Active
      </div>
                        
                        <h2>1 Superbadge:</h2><div class="icon-container">
          <div class="icon">
            <img src="https://res.cloudinary.com/hy4kyit2a/f_auto,fl_lossy,q_70/learn/superbadges/superbadge_governing_access_sbu/476d05ca5f8e4373526963bf410cc2e0_badge.png" alt="Access Governance Superbadge Unit" class="icon-logo">
          </div></div>
                        <h2>2 Event Badges</h2>
                        <h2>1 Stamp:</h2><div class="table-container">
          <div class="table">
            <img src="https://res.cloudinary.com/hy4kyit2a/f_auto,q_85,w_200/trailblazer-stamps/dreamforce-2023.png" alt="undefined" class="table-logo">
          </div></div>
                    </div>
                </div>
            </body>
        </html>
    "
`;
