// Jest Snapshot v1, https://goo.gl/fbAQLP

exports[`cardGenerator Tests Snapshot testing should match the snapshot 1`] = `
"
        <html>
            <head>
                <meta charset="UTF-8">
                <meta name="viewport" content="width=device-width, initial-scale=1.0">
                <title>Trailhead Stats Card</title>
                
  <style>
  :root {
    --color-background: #FFFFFF;
    --color-text: #1F2328;
    --color-text-skill: #FFFFFF;
    --color-block: #F5F8FA;
  }
  body {
      font-family: Arial, sans-serif;
      background-color: var(--color-background);
      color: var(--color-text);
      display: flex;
      justify-content: center;
      align-items: center;
      height: 100vh;
      margin: 0;
  }
  .card {
      background-color: var(--color-background);
      border-radius: 10px;
      box-shadow: 0 4px 8px rgba(0, 0, 0, 0.1);
      padding: 20px;
      width: 600px;
  }
  .card-header {
      display: flex;
      align-items: center;
      border-bottom: 1px solid #ddd;
      padding-bottom: 10px;
      margin-bottom: 10px;
  }
  .rank-logo {
      max-width: 100px;
      max-height: 100px;
      margin-right: 10px;
  }
  .card-content {
      line-height: 1.6;
  }
  .card-content h2 {
      margin: 5px 0;
      color: var(--color-text);
  }
  .card-content p {
      margin: 5px 0;
      color: var(--color-text);
  }
  .badge {
      background-color: var(--color-block);
      padding: 5px;
      border-radius: 5px;
      margin: 5px 0;
  }
  .skill-container {
    border-radius: 2px;
  }
  .skill-bar {
    display: flex;
    justify-content: space-between;
    align-items: left;
    line-height: 30px;
    border-radius: 2px;
    height: 30px;
    max-width: 600px;
    overflow: hidden;
    color: var(--color-text-skill);
    font-weight: bold;
}
  .skill-name {
    text-align: left;
    padding-left: 5px;
  }
  .skill-points {
    text-align: right;
    padding-right: 5px;
    visibility: visible;
  }
  .certification {
      background-color: var(--color-block);
      padding: 5px;
      border-radius: 5px;
      margin: 5px 0;
      display: flex;
      align-items: center; /* This will vertically align the logo with the text */
      margin-bottom: 10px; /* Add some space between certification entries */
  }
  .cert-logo {
      max-width: 100px;
      max-height: 100px;
      margin-right: 10px;
      object-fit: contain; /* this ensures the image is scaled correctly while maintaining its aspect ratio */
      vertical-align: middle; /* This aligns the image nicely with the text */
  }
  .superbadge-container {
      max-width: 550px;
      width: 550px;
      display: flex;
      flex-wrap: wrap;
      overflow: visible;
  }
  .superbadge {
      position: relative;
      flex-shrink: 0;
      margin-right: -30px;
  }
  .superbadge-logo {
      width: 80px;
      height: 80px;
      object-fit: contain;
  }
  .stamp-container {
      max-width: 600px;
      width: 600px;
      display: flex;
      flex-wrap: wrap;
      overflow: visible;
  }
  .stamp {
      position: relative;
      flex-shrink: 0;
      margin-right: 0px;
      margin-bottom: 2px;
  }
  .stamp-logo {
      width: 80px;
      height: 80px;
      object-fit: contain;
  }
  </style>
  
            </head>
            <body>
                <div class="card">
                    <div class="card-header">
                        <img src="https://res.cloudinary.com/trailhead/image/upload/public-trailhead/assets/images/ranks/triple-star-ranger.png" alt="Rank Logo" class="rank-logo">
                        <div>
                            <h2>Triple Star Ranger</h2>
                            <p>481 Badges, 185400 Points</p>
                        </div>
                    </div>
                    <div class="card-content">
                        <h2>Latest Achievements:</h2>
                        <p>Last Badge: Quest For Data Literacy</p>
                        <p>Last Superbadge: Access Governance Superbadge Unit</p>
                        <p>Last Certification: Salesforce Certified Associate</p>
                        <p>Last Stamp: Salesforce stamp</p>

                        <h2>Top 123 Skills:</h2><div class="skills-bar-chart">
            <div class="skill-container">
            <div class="skill-bar" style="width: 100%; background-color: #7A2048;">
                <span class="skill-name">CRM</span>
                <span class="skill-points">30325</span>
            </div>
        </div>
            <div class="skill-container">
            <div class="skill-bar" style="width: 4.122011541632316%; background-color: #1E2761;">
                <span class="skill-name">Chatter</span>
                <span class="skill-points"></span>
            </div>
        </div></div>
                        <h2>1 Certifications:</h2>
      <div class="certification">
        <img src="https://drm.file.force.com/servlet/servlet.ImageServer?id=0153k00000A5Mtl&oid=00DF0000000gZsu&lastMod=1617268490000" alt="Salesforce Certified Platform App Builder" class="cert-logo">
        Salesforce Certified Platform App Builder - Active
      </div>
                        <h2>1 Superbadges:</h2><div class="superbadge-container">
          <div class="superbadge">
            <img src="https://res.cloudinary.com/hy4kyit2a/f_auto,fl_lossy,q_70/learn/superbadges/superbadge_governing_access_sbu/476d05ca5f8e4373526963bf410cc2e0_badge.png" alt="Access Governance Superbadge Unit" class="superbadge-logo">
          </div></div>
                        <h2>1 Stamps:</h2><div class="stamp-container">
        <div class="stamp">
          <img src="https://res.cloudinary.com/hy4kyit2a/f_auto,q_85,w_200/trailblazer-stamps/dreamforce-2023.png" alt="Salesforce stamp" class="stamp-logo">
        </div></div>
                    </div>
                </div>
            </body>
        </html>
    "
`;
